one
alpha=one
two
alphaAgain=two
first
betaOnce=first
first
betaStill=first
strict
gammaStrict=strict
gammaStrictBang=strict
optional=
